﻿
> client@0.0.0 build
> vite build

[36mvite v7.3.1 [32mbuilding client environment for production...[36m[39m
transforming...
[32mΓ£ô[39m 1751 modules transformed.
node.exe : [31mΓ£ù[39m 
Build failed in 2.37s
At C:\Program 
Files\nodejs\npm.ps1:29 
char:3
+   & $NODE_EXE $NPM_CLI_JS 
$args
+   
~~~~~~~~~~~~~~~~~~~~~~~~~~~~~
    + CategoryInfo           
   : NotSpecified: ([31mΓ£  
  ù[39m Build failed in 2   
 .37s:String) [], RemoteE    
xception
    + FullyQualifiedErrorId  
   : NativeCommandError
 
[31merror during build:
[31m[vite:css] [postcss] 
C:/Users/Ramudi/Desktop/Uni 
connect new/frontend/src/inde
x.css:69:5: The 
`bg-slate-900/50` class does 
not exist. If 
`bg-slate-900/50` is a 
custom class, make sure it 
is defined within a `@layer` 
directive.[31m
file: [36mC:/Users/Ramudi/De
sktop/Uni connect new/fronten
d/src/index.css:69:4[31m
    at Input.error 
(C:\Users\Ramudi\Desktop\Uni 
connect new\frontend\node_mod
ules\postcss\lib\input.js:135
:16)
    at AtRule.error 
(C:\Users\Ramudi\Desktop\Uni 
connect new\frontend\node_mod
ules\postcss\lib\node.js:146:
32)
    at processApply 
(C:\Users\Ramudi\Desktop\Uni 
connect new\frontend\node_mod
ules\tailwindcss\lib\lib\expa
ndApplyAtRules.js:380:29)
    at 
C:\Users\Ramudi\Desktop\Uni 
connect new\frontend\node_mod
ules\tailwindcss\lib\lib\expa
ndApplyAtRules.js:551:9
    at 
C:\Users\Ramudi\Desktop\Uni 
connect new\frontend\node_mod
ules\tailwindcss\lib\processT
ailwindFeatures.js:55:50
    at async plugins 
(C:\Users\Ramudi\Desktop\Uni 
connect new\frontend\node_mod
ules\tailwindcss\lib\plugin.j
s:38:17)
    at async 
LazyResult.runAsync 
(C:\Users\Ramudi\Desktop\Uni 
connect new\frontend\node_mod
ules\postcss\lib\lazy-result.
js:293:11)
    at async runPostCSS (file
:///C:/Users/Ramudi/Desktop/U
ni%20connect%20new/frontend/n
ode_modules/vite/dist/node/ch
unks/config.js:30145:19)
    at async compilePostCSS (
file:///C:/Users/Ramudi/Deskt
op/Uni%20connect%20new/fronte
nd/node_modules/vite/dist/nod
e/chunks/config.js:30129:6)
    at async compileCSS (file
:///C:/Users/Ramudi/Desktop/U
ni%20connect%20new/frontend/n
ode_modules/vite/dist/node/ch
unks/config.js:30059:26)[39m
